
Router>
Router>arp
Translating "arp"...domain server (255.255.255.255)
Translating "arp"...domain server (255.255.255.255)
% Unknown command or computer name, or unable to find computer address
Router>
Router>
Router>
Router>
Router>enable
Router#line vty    
Translating "line"...domain server (255.255.255.255)
Translating "line"...domain server (255.255.255.255)
% Unknown command or computer name, or unable to find computer address
Router#
Router#no ip 
          ^
% Invalid input detected at '^' marker.

Router#no ip domain lookup
          ^
% Invalid input detected at '^' marker.

Router#config
Configuring from terminal, memory, or network [terminal]? t
Enter configuration commands, one per line.  End with CNTL/Z.
Router(config)#no ip domain lookup
% Ambiguous command:  "no ip domain lookup"
Router(config)#ip domain lookup
% Ambiguous command:  "ip domain lookup"
Router(config)#ip domain lookuplookup -lookup
Router(config)#a npip domain-lookupnip domain-lookupoip domain-lookup ip domain-lookup
Router(config)#exit
Router#
01:41:25: %SYS-5-CONFIG_I: Configured from console by consolel
% Ambiguous command:  "l"
Router#line
Translating "line"
Translating "line"
% Unknown command or computer name, or unable to find computer address
Router#
Router#
Router#
Router#spli
Router#spli    ip
Translating "ip"
Translating "ip"
% Unknown command or computer name, or unable to find computer address
Router#int   config t
Enter configuration commands, one per line.  End with CNTL/Z.
Router(config)#confi     router rip
Router(config-router)#ip
Router(config-router)#ip?
% Unrecognized command
Router(config-router)#ip ?
% Unrecognized command
Router(config-router)#ip    split-
Router(config-router)#split-  ho
Router(config-router)#split ho        
Router#config t
01:44:33: %SYS-5-CONFIG_I: Configured from console by consoleip      line
Router#interface s Serial 0
        ^
% Invalid input detected at '^' marker.

Router#interface Serial 0
        ^
% Invalid input detected at '^' marker.

Router#
Router#interface Serial 0                  terminav          conf
Router#configure t
Enter configuration commands, one per line.  End with CNTL/Z.
Router(config)#interfae   ce Serial m 0
Router(config-if)#no  ip spl
Router(config-if)#ip split-horizon 
Router(config-if)#
Router#
01:50:10: %SYS-5-CONFIG_I: Configured from console by console
Router#i rip debug
        ^
% Invalid input detected at '^' marker.

Router#debug rip
               ^
% Invalid input detected at '^' marker.

Router#debug ip rip
RIP protocol debugging is on
Router#
01:50:56: RIP: sending v1 update to 255.255.255.255 via Ethernet0 (11.0.0.1)
01:50:56: RIP: build update entries
01:50:56: 	network 130.0.0.0 metric 2
01:50:56: 	network 170.0.0.0 metric 2
01:50:56: 	network 192.168.1.0 metric 1
01:50:56: 	network 192.168.2.0 metric 2
01:50:56: 	network 192.168.3.0 metric 2
01:50:56: 	network 192.168.4.0 metric 1
01:50:57: 	network 194.0.0.0 metric 3
01:50:57: RIP: sending v1 update to 255.255.255.255 via Serial0 (192.168.4.2)
01:50:57: RIP: build update entries
01:50:57: 	network 11.0.0.0 metric 1
01:50:57: 	network 130.0.0.0 metric 2
01:50:57: 	network 192.168.1.0 metric 1
01:50:57: 	network 192.168.2.0 metric 2
01:50:57: RIP: sending v1 update to 255.255.255.255 via Serial1 (192.168.1.1)
01:50:57: RIP: build update entries
01:50:57: 	network 11.0.0.0 metric 1
01:50:57: 	network 170.0.0.0 metric 2
01:50:57: 	network 192.168.3.0 metric 2
01:50:57: 	network 192.168.4.0 metric 1
01:51:02: RIP: received v1 update from 192.168.1.2 on Serial1
01:51:02:      130.0.0.0 in 1 hops
01:51:02:      192.168.2.0 in 1 hops
01:51:02:      192.168.3.0 in 2 hops
01:51:02:      194.0.0.0 in 2 hops
Router#
01:51:10: RIP: received v1 update from 192.168.4.1 on Serial0
01:51:10:      170.0.0.0 in 1 hops
01:51:10:      192.168.2.0 in 2 hops
01:51:10:      192.168.3.0 in 1 hops
01:51:10:      194.0.0.0 in 2 hops
01:51:23: RIP: sending v1 update to 255.255.255.255 via Ethernet0 (11.0.0.1)
01:51:23: RIP: build update entries
01:51:23: 	network 130.0.0.0 metric 2
01:51:23: 	network 170.0.0.0 metric 2
01:51:23: 	network 192.168.1.0 metric 1
01:51:23: 	network 192.168.2.0 metric 2
01:51:23: 	network 192.168.3.0 metric 2
01:51:23: 	network 192.168.4.0 metric 1
01:51:23: 	network 194.0.0.0 metric 3
01:51:23: RIP: sending v1 update to 255.255.255.255 via Serial0 (192.168.4.2)
01:51:23: RIP: build update entries
01:51:23: 	network 11.0.0.0 metric 1
01:51:23: 	network 130.0.0.0 metric 2
01:51:23: 	network 192.168.1.0 metric 1
01:51:23: 	network 192.168.2.0 metric 2
01:51:23: RIP: sending v1 update to 255.255.255.255 via Serial1 (192.168.1.1)
01:51:23: RIP: build update entries
01:51:23: 	network 11.0.0.0 metric 1
01:51:23: 	network 170.0.0.0 metric 2
01:51:23: 	network 192.168.3.0 metric 2
01:51:23: 	network 192.168.4.0 metric 1
Router#debug ip rip
01:51:28: RIP: received v1 update from 192.168.1.2 on Serial1
01:51:28:      130.0.0.0 in 1 hops
01:51:28:      192.168.2.0 in 1 hops
01:51:28:      192.168.3.0 in 2 hops
01:51:28:      194.0.0.0 in 2 hopsrip   rip debugconfigure tinterface Serial 0configure t       rip debug  
Router#debug ip rip
01:51:39: RIP: received v1 update from 192.168.4.1 on Serial0
01:51:39:      170.0.0.0 in 1 hops
01:51:39:      192.168.2.0 in 2 hops
01:51:39:      192.168.3.0 in 1 hops
01:51:39:      194.0.0.0 in 2 hops  ip riprip    
Router#debug ip ripndebug ip ripbdebug ip ripodebug ip ripdebug ip rip debug ip rip odebug ip rip debug ip rip
RIP protocol debugging is off
Router#no debug ip ripno debug ip rip debug ip rip debug ip rip debug ip rip            debug ip riprip   rip debug         enable
Router#enable      enableno debug ip ripdebug ip rip   rip   ip ripno debug ip ripenable         
Router#config
Router#configure t
Enter configuration commands, one per line.  End with CNTL/Z.
Router(config)#exit
Router#
01:53:47: %SYS-5-CONFIG_I: Configured from console by console
Router#configure tenable     configure t
Enter configuration commands, one per line.  End with CNTL/Z.
Router(config)#exiut
                  ^
% Invalid input detected at '^' marker.

Router(config)#exit
Router#
01:54:26: %SYS-5-CONFIG_I: Configured from console by consoleconfigure t           
Router#con
Router#confi
Router#configure term
Router#configure terminal 
Enter configuration commands, one per line.  End with CNTL/Z.
Router(config)#inter
Router(config)#interface Serial 0
Router(config-if)#ip spl
Router(config-if)#ip split-horizon 
Router(config-if)#
01:55:50: %LINEPROTO-5-UPDOWN: Line protocol on Interface Ethernet0, changed state to down
01:56:00: %LINEPROTO-5-UPDOWN: Line protocol on Interface Ethernet0, changed state to upip split-horizon nterface Serial 0exit                  
Router(config-if)#exiut  t
Router(config)#inter
Router(config)#interface 
01:57:54: %LINK-3-UPDOWN: Interface Serial0, changed state to down
01:57:55: %LINEPROTO-5-UPDOWN: Line protocol on Interface Serial0, changed state to down
01:58:02: %LINK-3-UPDOWN: Interface Serial0, changed state to up
01:58:03: %LINEPROTO-5-UPDOWN: Line protocol on Interface Serial0, changed state to up
01:58:15: %LINK-3-UPDOWN: Interface Serial0, changed state to down
01:58:16: %LINEPROTO-5-UPDOWN: Line protocol on Interface Serial0, changed state to down
01:58:20: %LINK-3-UPDOWN: Interface Serial0, changed state to up
01:58:21: %LINEPROTO-5-UPDOWN: Line protocol on Interface Serial0, changed state to upexit      ip split-horizon                  
Router(config)#interface Serial 0        Serial 1
Router(config-if)#clo
Router(config-if)#clock rat
Router(config-if)#clock rate ?
  	Speed (bits per second)
  1200
  2400
  4800
  9600
  19200
  38400
  56000
  64000
  72000
  125000
  148000
  250000
  500000
  800000
  1000000
  1300000
  2000000
  4000000

  <300-4000000>    Choose clockrate from list above

Router(config-if)#clock rate 4000000
Router(config-if)#ping
                   ^
% Invalid input detected at '^' marker.

Router(config-if)#
Router#
Router#
Router#
01:59:29: %SYS-5-CONFIG_I: Configured from console by consoleping
Protocol [ip]: 
Router#ping 
01:59:37: %LINK-3-UPDOWN: Interface Serial0, changed state to down
01:59:38: %LINEPROTO-5-UPDOWN: Line protocol on Interface Serial0, changed state to down130.0.0.2

Type escape sequence to abort.
Sending 5, 100-byte ICMP Echos to 130.0.0.2, timeout is 2 seconds:
!!!!!
Success rate is 100 percent (5/5), round-trip min/avg/max = 1/3/4 ms
Router#
02:00:32: %LINK-3-UPDOWN: Interface Serial0, changed state to up
02:00:33: %LINEPROTO-5-UPDOWN: Line protocol on Interface Serial0, changed state to up
Router#ping 130.0.0.2

Type escape sequence to abort.
Sending 5, 100-byte ICMP Echos to 130.0.0.2, timeout is 2 seconds:
!!!!!
Success rate is 100 percent (5/5), round-trip min/avg/max = 4/4/4 ms
Router#ping 130.0.0.2 1

Type escape sequence to abort.
Sending 5, 100-byte ICMP Echos to 130.0.0.1, timeout is 2 seconds:
!!!!!
Success rate is 100 percent (5/5), round-trip min/avg/max = 4/4/4 ms
Router#ping 130.0.0.1
02:02:08: %LINEPROTO-5-UPDOWN: Line protocol on Interface Ethernet0, changed state to down
02:02:16: %LINEPROTO-5-UPDOWN: Line protocol on Interface Ethernet0, changed state to up2
Router#show ip  i   ip route
Codes: C - connected, S - static, I - IGRP, R - RIP, M - mobile, B - BGP
       D - EIGRP, EX - EIGRP external, O - OSPF, IA - OSPF inter area 
       N1 - OSPF NSSA external type 1, N2 - OSPF NSSA external type 2
       E1 - OSPF external type 1, E2 - OSPF external type 2, E - EGP
       i - IS-IS, L1 - IS-IS level-1, L2 - IS-IS level-2, * - candidate default
       U - per-user static route, o - ODR, P - periodic downloaded static route
       T - traffic engineered route

Gateway of last resort is not set

R    170.0.0.0/16 [120/1] via 192.168.4.1, Serial0
C    192.168.4.0/24 is directly connected, Serial0
R    130.0.0.0/16 [120/1] via 192.168.1.2, Serial1
C    11.0.0.0/8 is directly connected, Ethernet0
C    192.168.1.0/24 is directly connected, Serial1
R    194.0.0.0/24 [120/2] via 192.168.1.2, Serial1
                  [120/2] via 192.168.4.1, Serial0
R    192.168.2.0/24 [120/1] via 192.168.1.2, Serial1
R    192.168.3.0/24 [120/1] via 192.168.4.1, Serial0
Router#show ip route
Codes: C - connected, S - static, I - IGRP, R - RIP, M - mobile, B - BGP
       D - EIGRP, EX - EIGRP external, O - OSPF, IA - OSPF inter area 
       N1 - OSPF NSSA external type 1, N2 - OSPF NSSA external type 2
       E1 - OSPF external type 1, E2 - OSPF external type 2, E - EGP
       i - IS-IS, L1 - IS-IS level-1, L2 - IS-IS level-2, * - candidate default
       U - per-user static route, o - ODR, P - periodic downloaded static route
       T - traffic engineered route

Gateway of last resort is not set

R    170.0.0.0/16 [120/1] via 192.168.4.1, Serial0
C    192.168.4.0/24 is directly connected, Serial0
R    130.0.0.0/16 [120/1] via 192.168.1.2, Serial1
C    11.0.0.0/8 is directly connected, Ethernet0
C    192.168.1.0/24 is directly connected, Serial1
R    194.0.0.0/24 [120/2] via 192.168.1.2, Serial1
                  [120/2] via 192.168.4.1, Serial0
R    192.168.2.0/24 [120/1] via 192.168.1.2, Serial1
R    192.168.3.0/24 [120/1] via 192.168.4.1, Serial0
Router#show ip route
Codes: C - connected, S - static, I - IGRP, R - RIP, M - mobile, B - BGP
       D - EIGRP, EX - EIGRP external, O - OSPF, IA - OSPF inter area 
       N1 - OSPF NSSA external type 1, N2 - OSPF NSSA external type 2
       E1 - OSPF external type 1, E2 - OSPF external type 2, E - EGP
       i - IS-IS, L1 - IS-IS level-1, L2 - IS-IS level-2, * - candidate default
       U - per-user static route, o - ODR, P - periodic downloaded static route
       T - traffic engineered route

Gateway of last resort is not set

R    170.0.0.0/16 [120/1] via 192.168.4.1, Serial0
C    192.168.4.0/24 is directly connected, Serial0
R    130.0.0.0/16 [120/1] via 192.168.1.2, Serial1
C    11.0.0.0/8 is directly connected, Ethernet0
C    192.168.1.0/24 is directly connected, Serial1
R    194.0.0.0/24 [120/2] via 192.168.1.2, Serial1
                  [120/2] via 192.168.4.1, Serial0
R    192.168.2.0/24 [120/1] via 192.168.1.2, Serial1
R    192.168.3.0/24 [120/1] via 192.168.4.1, Serial0
Router#show ip route
Codes: C - connected, S - static, I - IGRP, R - RIP, M - mobile, B - BGP
       D - EIGRP, EX - EIGRP external, O - OSPF, IA - OSPF inter area 
       N1 - OSPF NSSA external type 1, N2 - OSPF NSSA external type 2
       E1 - OSPF external type 1, E2 - OSPF external type 2, E - EGP
       i - IS-IS, L1 - IS-IS level-1, L2 - IS-IS level-2, * - candidate default
       U - per-user static route, o - ODR, P - periodic downloaded static route
       T - traffic engineered route

Gateway of last resort is not set

R    170.0.0.0/16 [120/1] via 192.168.4.1, Serial0
C    192.168.4.0/24 is directly connected, Serial0
R    130.0.0.0/16 [120/1] via 192.168.1.2, Serial1
C    11.0.0.0/8 is directly connected, Ethernet0
C    192.168.1.0/24 is directly connected, Serial1
R    194.0.0.0/24 [120/2] via 192.168.1.2, Serial1
                  [120/2] via 192.168.4.1, Serial0
R    192.168.2.0/24 [120/1] via 192.168.1.2, Serial1
R    192.168.3.0/24 [120/1] via 192.168.4.1, Serial0
Router#show ip route
Codes: C - connected, S - static, I - IGRP, R - RIP, M - mobile, B - BGP
       D - EIGRP, EX - EIGRP external, O - OSPF, IA - OSPF inter area 
       N1 - OSPF NSSA external type 1, N2 - OSPF NSSA external type 2
       E1 - OSPF external type 1, E2 - OSPF external type 2, E - EGP
       i - IS-IS, L1 - IS-IS level-1, L2 - IS-IS level-2, * - candidate default
       U - per-user static route, o - ODR, P - periodic downloaded static route
       T - traffic engineered route

Gateway of last resort is not set

R    170.0.0.0/16 [120/1] via 192.168.4.1, Serial0
C    192.168.4.0/24 is directly connected, Serial0
R    130.0.0.0/16 [120/1] via 192.168.1.2, Serial1
C    11.0.0.0/8 is directly connected, Ethernet0
C    192.168.1.0/24 is directly connected, Serial1
R    194.0.0.0/24 [120/2] via 192.168.1.2, Serial1
                  [120/2] via 192.168.4.1, Serial0
R    192.168.2.0/24 [120/1] via 192.168.1.2, Serial1
R    192.168.3.0/24 [120/1] via 192.168.4.1, Serial0
Router#show ip route
Codes: C - connected, S - static, I - IGRP, R - RIP, M - mobile, B - BGP
       D - EIGRP, EX - EIGRP external, O - OSPF, IA - OSPF inter area 
       N1 - OSPF NSSA external type 1, N2 - OSPF NSSA external type 2
       E1 - OSPF external type 1, E2 - OSPF external type 2, E - EGP
       i - IS-IS, L1 - IS-IS level-1, L2 - IS-IS level-2, * - candidate default
       U - per-user static route, o - ODR, P - periodic downloaded static route
       T - traffic engineered route

Gateway of last resort is not set

R    170.0.0.0/16 [120/1] via 192.168.4.1, Serial0
C    192.168.4.0/24 is directly connected, Serial0
R    130.0.0.0/16 [120/1] via 192.168.1.2, Serial1
C    11.0.0.0/8 is directly connected, Ethernet0
C    192.168.1.0/24 is directly connected, Serial1
R    194.0.0.0/24 [120/2] via 192.168.1.2, Serial1
                  [120/2] via 192.168.4.1, Serial0
R    192.168.2.0/24 [120/1] via 192.168.1.2, Serial1
R    192.168.3.0/24 [120/1] via 192.168.4.1, Serial0
Router#show ip route
Codes: C - connected, S - static, I - IGRP, R - RIP, M - mobile, B - BGP
       D - EIGRP, EX - EIGRP external, O - OSPF, IA - OSPF inter area 
       N1 - OSPF NSSA external type 1, N2 - OSPF NSSA external type 2
       E1 - OSPF external type 1, E2 - OSPF external type 2, E - EGP
       i - IS-IS, L1 - IS-IS level-1, L2 - IS-IS level-2, * - candidate default
       U - per-user static route, o - ODR, P - periodic downloaded static route
       T - traffic engineered route

Gateway of last resort is not set

R    170.0.0.0/16 [120/1] via 192.168.4.1, Serial0
C    192.168.4.0/24 is directly connected, Serial0
R    130.0.0.0/16 [120/1] via 192.168.1.2, Serial1
C    11.0.0.0/8 is directly connected, Ethernet0
C    192.168.1.0/24 is directly connected, Serial1
R    194.0.0.0/24 [120/2] via 192.168.1.2, Serial1
                  [120/2] via 192.168.4.1, Serial0
R    192.168.2.0/24 [120/1] via 192.168.1.2, Serial1
R    192.168.3.0/24 [120/1] via 192.168.4.1, Serial0
Router#show ip route
Codes: C - connected, S - static, I - IGRP, R - RIP, M - mobile, B - BGP
       D - EIGRP, EX - EIGRP external, O - OSPF, IA - OSPF inter area 
       N1 - OSPF NSSA external type 1, N2 - OSPF NSSA external type 2
       E1 - OSPF external type 1, E2 - OSPF external type 2, E - EGP
       i - IS-IS, L1 - IS-IS level-1, L2 - IS-IS level-2, * - candidate default
       U - per-user static route, o - ODR, P - periodic downloaded static route
       T - traffic engineered route

Gateway of last resort is not set

R    170.0.0.0/16 [120/1] via 192.168.4.1, Serial0
C    192.168.4.0/24 is directly connected, Serial0
R    130.0.0.0/16 [120/1] via 192.168.1.2, Serial1
C    11.0.0.0/8 is directly connected, Ethernet0
C    192.168.1.0/24 is directly connected, Serial1
R    194.0.0.0/24 [120/2] via 192.168.1.2, Serial1
                  [120/2] via 192.168.4.1, Serial0
R    192.168.2.0/24 [120/1] via 192.168.1.2, Serial1
R    192.168.3.0/24 [120/1] via 192.168.4.1, Serial0
Router#show ip route
Codes: C - connected, S - static, I - IGRP, R - RIP, M - mobile, B - BGP
       D - EIGRP, EX - EIGRP external, O - OSPF, IA - OSPF inter area 
       N1 - OSPF NSSA external type 1, N2 - OSPF NSSA external type 2
       E1 - OSPF external type 1, E2 - OSPF external type 2, E - EGP
       i - IS-IS, L1 - IS-IS level-1, L2 - IS-IS level-2, * - candidate default
       U - per-user static route, o - ODR, P - periodic downloaded static route
       T - traffic engineered route

Gateway of last resort is not set

R    170.0.0.0/16 [120/1] via 192.168.4.1, Serial0
C    192.168.4.0/24 is directly connected, Serial0
R    130.0.0.0/16 [120/1] via 192.168.1.2, Serial1
C    11.0.0.0/8 is directly connected, Ethernet0
C    192.168.1.0/24 is directly connected, Serial1
R    194.0.0.0/24 [120/2] via 192.168.1.2, Serial1
                  [120/2] via 192.168.4.1, Serial0
R    192.168.2.0/24 [120/1] via 192.168.1.2, Serial1
R    192.168.3.0/24 [120/1] vi